node_modules/sonner/dist/index.d.ts(1,8): error TS1259: Module '"D:/Yuga Yatra/nkc-Test-platform/frontend/node_modules/@types/react/index"' can only be default-imported using the 'esModuleInterop' flag
src/components/TestBuilder.tsx(1,8): error TS1259: Module '"D:/Yuga Yatra/nkc-Test-platform/frontend/node_modules/@types/react/index"' can only be default-imported using the 'esModuleInterop' flag
src/components/TestBuilder.tsx(2,25): error TS2307: Cannot find module '@/contexts/AuthContext' or its corresponding type declarations.
src/components/TestBuilder.tsx(3,34): error TS2307: Cannot find module '@/hooks/usePremiumStatus' or its corresponding type declarations.
src/components/TestBuilder.tsx(5,24): error TS2307: Cannot find module '@/components/ui/button' or its corresponding type declarations.
src/components/TestBuilder.tsx(6,23): error TS2307: Cannot find module '@/components/ui/input' or its corresponding type declarations.
src/components/TestBuilder.tsx(7,26): error TS2307: Cannot find module '@/components/ui/textarea' or its corresponding type declarations.
src/components/TestBuilder.tsx(8,23): error TS2307: Cannot find module '@/components/ui/label' or its corresponding type declarations.
src/components/TestBuilder.tsx(9,70): error TS2307: Cannot find module '@/components/ui/card' or its corresponding type declarations.
src/components/TestBuilder.tsx(10,78): error TS2307: Cannot find module '@/lib/testsApi' or its corresponding type declarations.
src/components/TestBuilder.tsx(13,24): error TS2307: Cannot find module '@/components/ui/switch' or its corresponding type declarations.
src/components/TestBuilder.tsx(14,44): error TS2307: Cannot find module '@/components/ui/radio-group' or its corresponding type declarations.
src/components/TestBuilder.tsx(15,26): error TS2307: Cannot find module '@/components/ui/IMEInput' or its corresponding type declarations.
src/components/TestBuilder.tsx(16,32): error TS2307: Cannot find module '@/components/ui/RichTextEditor' or its corresponding type declarations.
src/components/TestBuilder.tsx(17,40): error TS2307: Cannot find module '@/components/AdvancedQuestionEditor' or its corresponding type declarations.
src/components/TestBuilder.tsx(27,8): error TS2307: Cannot find module '@/components/ui/command' or its corresponding type declarations.
src/components/TestBuilder.tsx(32,8): error TS2307: Cannot find module '@/components/ui/popover' or its corresponding type declarations.
src/components/TestBuilder.tsx(33,23): error TS2307: Cannot find module '@/components/ui/badge' or its corresponding type declarations.
src/components/TestBuilder.tsx(34,20): error TS2307: Cannot find module '@/lib/utils' or its corresponding type declarations.
src/components/TestBuilder.tsx(42,8): error TS2307: Cannot find module '@/components/ui/select' or its corresponding type declarations.
src/components/TestBuilder.tsx(43,33): error TS2307: Cannot find module '@/lib/categoriesApi' or its corresponding type declarations.
src/components/TestBuilder.tsx(46,39): error TS2307: Cannot find module '@/components/TestUploadFormatGuide' or its corresponding type declarations.
src/components/TestBuilder.tsx(47,26): error TS2307: Cannot find module '@/components/premium/PremiumGuard' or its corresponding type declarations.
src/components/TestBuilder.tsx(48,30): error TS2307: Cannot find module '@/components/test-builder/JsonImporter' or its corresponding type declarations.
src/components/TestBuilder.tsx(365,54): error TS2307: Cannot find module '@/lib/categoriesApi' or its corresponding type declarations.
src/components/TestBuilder.tsx(727,65): error TS2307: Cannot find module '@/lib/categoriesApi' or its corresponding type declarations.
src/components/TestBuilder.tsx(733,52): error TS2307: Cannot find module '@/lib/testsApi' or its corresponding type declarations.
src/components/TestBuilder.tsx(746,65): error TS2307: Cannot find module '@/lib/categoriesApi' or its corresponding type declarations.
src/components/TestBuilder.tsx(755,83): error TS2307: Cannot find module '@/lib/socialApi' or its corresponding type declarations.
src/components/TestBuilder.tsx(1109,13): error TS17004: Cannot use JSX unless the '--jsx' flag is provided.
src/components/TestBuilder.tsx(1110,17): error TS17004: Cannot use JSX unless the '--jsx' flag is provided.
src/components/TestBuilder.tsx(1111,21): error TS17004: Cannot use JSX unless the '--jsx' flag is provided.
src/components/TestBuilder.tsx(1112,25): error TS17004: Cannot use JSX unless the '--jsx' flag is provided.
src/components/TestBuilder.tsx(1113,29): error TS17004: Cannot use JSX unless the '--jsx' flag is provided.
src/components/TestBuilder.tsx(1115,25): error TS17004: Cannot use JSX unless the '--jsx' flag is provided.
src/components/TestBuilder.tsx(1117,21): error TS17004: Cannot use JSX unless the '--jsx' flag is provided.
src/components/TestBuilder.tsx(1118,25): error TS17004: Cannot use JSX unless the '--jsx' flag is provided.
src/components/TestBuilder.tsx(1119,25): error TS17004: Cannot use JSX unless the '--jsx' flag is provided.
src/components/TestBuilder.tsx(1127,9): error TS17004: Cannot use JSX unless the '--jsx' flag is provided.
src/components/TestBuilder.tsx(1128,13): error TS17004: Cannot use JSX unless the '--jsx' flag is provided.
src/components/TestBuilder.tsx(1129,17): error TS17004: Cannot use JSX unless the '--jsx' flag is provided.
src/components/TestBuilder.tsx(1131,25): error TS17004: Cannot use JSX unless the '--jsx' flag is provided.
src/components/TestBuilder.tsx(1132,29): error TS17004: Cannot use JSX unless the '--jsx' flag is provided.
src/components/TestBuilder.tsx(1135,21): error TS17004: Cannot use JSX unless the '--jsx' flag is provided.
src/components/TestBuilder.tsx(1138,17): error TS17004: Cannot use JSX unless the '--jsx' flag is provided.
src/components/TestBuilder.tsx(1140,25): error TS17004: Cannot use JSX unless the '--jsx' flag is provided.
src/components/TestBuilder.tsx(1141,29): error TS17004: Cannot use JSX unless the '--jsx' flag is provided.
src/components/TestBuilder.tsx(1145,21): error TS17004: Cannot use JSX unless the '--jsx' flag is provided.
src/components/TestBuilder.tsx(1146,25): error TS17004: Cannot use JSX unless the '--jsx' flag is provided.
src/components/TestBuilder.tsx(1147,25): error TS17004: Cannot use JSX unless the '--jsx' flag is provided.
src/components/TestBuilder.tsx(1151,25): error TS17004: Cannot use JSX unless the '--jsx' flag is provided.
src/components/TestBuilder.tsx(1153,33): error TS17004: Cannot use JSX unless the '--jsx' flag is provided.
src/components/TestBuilder.tsx(1154,37): error TS17004: Cannot use JSX unless the '--jsx' flag is provided.
src/components/TestBuilder.tsx(1159,33): error TS17004: Cannot use JSX unless the '--jsx' flag is provided.
src/components/TestBuilder.tsx(1160,37): error TS17004: Cannot use JSX unless the '--jsx' flag is provided.
src/components/TestBuilder.tsx(1165,33): error TS17004: Cannot use JSX unless the '--jsx' flag is provided.
src/components/TestBuilder.tsx(1166,37): error TS17004: Cannot use JSX unless the '--jsx' flag is provided.
src/components/TestBuilder.tsx(1176,17): error TS17004: Cannot use JSX unless the '--jsx' flag is provided.
src/components/TestBuilder.tsx(1177,21): error TS17004: Cannot use JSX unless the '--jsx' flag is provided.
src/components/TestBuilder.tsx(1178,21): error TS17004: Cannot use JSX unless the '--jsx' flag is provided.
src/components/TestBuilder.tsx(1182,13): error TS17004: Cannot use JSX unless the '--jsx' flag is provided.
src/components/TestBuilder.tsx(1183,17): error TS17004: Cannot use JSX unless the '--jsx' flag is provided.
src/components/TestBuilder.tsx(1184,21): error TS17004: Cannot use JSX unless the '--jsx' flag is provided.
src/components/TestBuilder.tsx(1185,25): error TS17004: Cannot use JSX unless the '--jsx' flag is provided.
src/components/TestBuilder.tsx(1187,33): error TS17004: Cannot use JSX unless the '--jsx' flag is provided.
src/components/TestBuilder.tsx(1191,37): error TS17004: Cannot use JSX unless the '--jsx' flag is provided.
src/components/TestBuilder.tsx(1194,29): error TS17004: Cannot use JSX unless the '--jsx' flag is provided.
src/components/TestBuilder.tsx(1208,33): error TS17004: Cannot use JSX unless the '--jsx' flag is provided.
src/components/TestBuilder.tsx(1209,33): error TS17004: Cannot use JSX unless the '--jsx' flag is provided.
src/components/TestBuilder.tsx(1211,41): error TS17004: Cannot use JSX unless the '--jsx' flag is provided.
src/components/TestBuilder.tsx(1213,41): error TS17004: Cannot use JSX unless the '--jsx' flag is provided.
src/components/TestBuilder.tsx(1214,45): error TS17004: Cannot use JSX unless the '--jsx' flag is provided.
src/components/TestBuilder.tsx(1215,45): error TS17004: Cannot use JSX unless the '--jsx' flag is provided.
src/components/TestBuilder.tsx(1219,41): error TS17004: Cannot use JSX unless the '--jsx' flag is provided.
src/components/TestBuilder.tsx(1220,45): error TS17004: Cannot use JSX unless the '--jsx' flag is provided.
src/components/TestBuilder.tsx(1226,25): error TS17004: Cannot use JSX unless the '--jsx' flag is provided.
src/components/TestBuilder.tsx(1227,29): error TS17004: Cannot use JSX unless the '--jsx' flag is provided.
src/components/TestBuilder.tsx(1228,33): error TS17004: Cannot use JSX unless the '--jsx' flag is provided.
src/components/TestBuilder.tsx(1237,37): error TS17004: Cannot use JSX unless the '--jsx' flag is provided.
src/components/TestBuilder.tsx(1244,33): error TS17004: Cannot use JSX unless the '--jsx' flag is provided.
src/components/TestBuilder.tsx(1246,29): error TS17004: Cannot use JSX unless the '--jsx' flag is provided.
src/components/TestBuilder.tsx(1247,33): error TS17004: Cannot use JSX unless the '--jsx' flag is provided.
src/components/TestBuilder.tsx(1254,37): error TS17004: Cannot use JSX unless the '--jsx' flag is provided.
src/components/TestBuilder.tsx(1260,21): error TS17004: Cannot use JSX unless the '--jsx' flag is provided.
src/components/TestBuilder.tsx(1260,50): error TS17004: Cannot use JSX unless the '--jsx' flag is provided.
src/components/TestBuilder.tsx(1261,21): error TS17004: Cannot use JSX unless the '--jsx' flag is provided.
src/components/TestBuilder.tsx(1262,25): error TS17004: Cannot use JSX unless the '--jsx' flag is provided.
src/components/TestBuilder.tsx(1264,29): error TS17004: Cannot use JSX unless the '--jsx' flag is provided.
src/components/TestBuilder.tsx(1265,33): error TS17004: Cannot use JSX unless the '--jsx' flag is provided.
src/components/TestBuilder.tsx(1266,37): error TS17004: Cannot use JSX unless the '--jsx' flag is provided.
src/components/TestBuilder.tsx(1267,37): error TS17004: Cannot use JSX unless the '--jsx' flag is provided.
src/components/TestBuilder.tsx(1270,33): error TS17004: Cannot use JSX unless the '--jsx' flag is provided.
src/components/TestBuilder.tsx(1271,37): error TS17004: Cannot use JSX unless the '--jsx' flag is provided.
src/components/TestBuilder.tsx(1272,41): error TS17004: Cannot use JSX unless the '--jsx' flag is provided.
src/components/TestBuilder.tsx(1273,41): error TS17004: Cannot use JSX unless the '--jsx' flag is provided.
src/components/TestBuilder.tsx(1274,45): error TS17004: Cannot use JSX unless the '--jsx' flag is provided.
src/components/TestBuilder.tsx(1275,45): error TS17004: Cannot use JSX unless the '--jsx' flag is provided.
src/components/TestBuilder.tsx(1276,49): error TS17004: Cannot use JSX unless the '--jsx' flag is provided.
src/components/TestBuilder.tsx(1277,53): error TS17004: Cannot use JSX unless the '--jsx' flag is provided.
src/components/TestBuilder.tsx(1279,49): error TS17004: Cannot use JSX unless the '--jsx' flag is provided.
src/components/TestBuilder.tsx(1280,53): error TS17004: Cannot use JSX unless the '--jsx' flag is provided.
src/components/TestBuilder.tsx(1281,53): error TS17004: Cannot use JSX unless the '--jsx' flag is provided.
src/components/TestBuilder.tsx(1286,37): error TS17004: Cannot use JSX unless the '--jsx' flag is provided.
src/components/TestBuilder.tsx(1297,29): error TS17004: Cannot use JSX unless the '--jsx' flag is provided.
src/components/TestBuilder.tsx(1298,33): error TS17004: Cannot use JSX unless the '--jsx' flag is provided.
src/components/TestBuilder.tsx(1299,37): error TS17004: Cannot use JSX unless the '--jsx' flag is provided.
src/components/TestBuilder.tsx(1300,37): error TS17004: Cannot use JSX unless the '--jsx' flag is provided.
src/components/TestBuilder.tsx(1301,41): error TS17004: Cannot use JSX unless the '--jsx' flag is provided.
src/components/TestBuilder.tsx(1302,45): error TS17004: Cannot use JSX unless the '--jsx' flag is provided.
src/components/TestBuilder.tsx(1311,49): error TS17004: Cannot use JSX unless the '--jsx' flag is provided.
src/components/TestBuilder.tsx(1314,41): error TS17004: Cannot use JSX unless the '--jsx' flag is provided.
src/components/TestBuilder.tsx(1315,45): error TS17004: Cannot use JSX unless the '--jsx' flag is provided.
src/components/TestBuilder.tsx(1316,49): error TS17004: Cannot use JSX unless the '--jsx' flag is provided.
src/components/TestBuilder.tsx(1317,49): error TS17004: Cannot use JSX unless the '--jsx' flag is provided.
src/components/TestBuilder.tsx(1318,53): error TS17004: Cannot use JSX unless the '--jsx' flag is provided.
src/components/TestBuilder.tsx(1322,49): error TS17004: Cannot use JSX unless the '--jsx' flag is provided.
src/components/TestBuilder.tsx(1324,57): error TS17004: Cannot use JSX unless the '--jsx' flag is provided.
src/components/TestBuilder.tsx(1331,61): error TS17004: Cannot use JSX unless the '--jsx' flag is provided.
src/components/TestBuilder.tsx(1340,53): error TS17004: Cannot use JSX unless the '--jsx' flag is provided.
src/components/TestBuilder.tsx(1348,57): error TS17004: Cannot use JSX unless the '--jsx' flag is provided.
src/components/TestBuilder.tsx(1357,37): error TS17004: Cannot use JSX unless the '--jsx' flag is provided.
src/components/TestBuilder.tsx(1362,49): error TS17004: Cannot use JSX unless the '--jsx' flag is provided.
src/components/TestBuilder.tsx(1364,53): error TS17004: Cannot use JSX unless the '--jsx' flag is provided.
src/components/TestBuilder.tsx(1372,41): error TS17004: Cannot use JSX unless the '--jsx' flag is provided.
src/components/TestBuilder.tsx(1373,45): error TS17004: Cannot use JSX unless the '--jsx' flag is provided.
src/components/TestBuilder.tsx(1374,45): error TS17004: Cannot use JSX unless the '--jsx' flag is provided.
src/components/TestBuilder.tsx(1375,49): error TS17004: Cannot use JSX unless the '--jsx' flag is provided.
src/components/TestBuilder.tsx(1381,49): error TS17004: Cannot use JSX unless the '--jsx' flag is provided.
src/components/TestBuilder.tsx(1391,53): error TS17004: Cannot use JSX unless the '--jsx' flag is provided.
src/components/TestBuilder.tsx(1394,45): error TS17004: Cannot use JSX unless the '--jsx' flag is provided.
src/components/TestBuilder.tsx(1401,33): error TS17004: Cannot use JSX unless the '--jsx' flag is provided.
src/components/TestBuilder.tsx(1402,37): error TS17004: Cannot use JSX unless the '--jsx' flag is provided.
src/components/TestBuilder.tsx(1403,37): error TS17004: Cannot use JSX unless the '--jsx' flag is provided.
src/components/TestBuilder.tsx(1410,37): error TS17004: Cannot use JSX unless the '--jsx' flag is provided.
src/components/TestBuilder.tsx(1412,45): error TS17004: Cannot use JSX unless the '--jsx' flag is provided.
src/components/TestBuilder.tsx(1414,49): error TS17004: Cannot use JSX unless the '--jsx' flag is provided.
src/components/TestBuilder.tsx(1422,25): error TS17004: Cannot use JSX unless the '--jsx' flag is provided.
src/components/TestBuilder.tsx(1423,29): error TS17004: Cannot use JSX unless the '--jsx' flag is provided.
src/components/TestBuilder.tsx(1424,29): error TS17004: Cannot use JSX unless the '--jsx' flag is provided.
src/components/TestBuilder.tsx(1431,25): error TS17004: Cannot use JSX unless the '--jsx' flag is provided.
src/components/TestBuilder.tsx(1432,29): error TS17004: Cannot use JSX unless the '--jsx' flag is provided.
src/components/TestBuilder.tsx(1432,34): error TS17004: Cannot use JSX unless the '--jsx' flag is provided.
src/components/TestBuilder.tsx(1432,101): error TS17004: Cannot use JSX unless the '--jsx' flag is provided.
src/components/TestBuilder.tsx(1433,29): error TS17004: Cannot use JSX unless the '--jsx' flag is provided.
src/components/TestBuilder.tsx(1434,33): error TS17004: Cannot use JSX unless the '--jsx' flag is provided.
src/components/TestBuilder.tsx(1435,33): error TS17004: Cannot use JSX unless the '--jsx' flag is provided.
src/components/TestBuilder.tsx(1436,37): error TS17004: Cannot use JSX unless the '--jsx' flag is provided.
src/components/TestBuilder.tsx(1437,37): error TS17004: Cannot use JSX unless the '--jsx' flag is provided.
src/components/TestBuilder.tsx(1440,29): error TS17004: Cannot use JSX unless the '--jsx' flag is provided.
src/components/TestBuilder.tsx(1441,33): error TS17004: Cannot use JSX unless the '--jsx' flag is provided.
src/components/TestBuilder.tsx(1442,37): error TS17004: Cannot use JSX unless the '--jsx' flag is provided.
src/components/TestBuilder.tsx(1444,37): error TS17004: Cannot use JSX unless the '--jsx' flag is provided.
src/components/TestBuilder.tsx(1445,41): error TS17004: Cannot use JSX unless the '--jsx' flag is provided.
src/components/TestBuilder.tsx(1446,41): error TS17004: Cannot use JSX unless the '--jsx' flag is provided.
src/components/TestBuilder.tsx(1448,45): error TS17004: Cannot use JSX unless the '--jsx' flag is provided.
src/components/TestBuilder.tsx(1452,33): error TS17004: Cannot use JSX unless the '--jsx' flag is provided.
src/components/TestBuilder.tsx(1453,37): error TS17004: Cannot use JSX unless the '--jsx' flag is provided.
src/components/TestBuilder.tsx(1454,37): error TS17004: Cannot use JSX unless the '--jsx' flag is provided.
src/components/TestBuilder.tsx(1459,29): error TS17004: Cannot use JSX unless the '--jsx' flag is provided.
src/components/TestBuilder.tsx(1460,33): error TS17004: Cannot use JSX unless the '--jsx' flag is provided.
src/components/TestBuilder.tsx(1461,33): error TS17004: Cannot use JSX unless the '--jsx' flag is provided.
src/components/TestBuilder.tsx(1462,37): error TS17004: Cannot use JSX unless the '--jsx' flag is provided.
src/components/TestBuilder.tsx(1463,37): error TS17004: Cannot use JSX unless the '--jsx' flag is provided.
src/components/TestBuilder.tsx(1471,17): error TS17004: Cannot use JSX unless the '--jsx' flag is provided.
src/components/TestBuilder.tsx(1472,21): error TS17004: Cannot use JSX unless the '--jsx' flag is provided.
src/components/TestBuilder.tsx(1473,21): error TS17004: Cannot use JSX unless the '--jsx' flag is provided.
src/components/TestBuilder.tsx(1474,25): error TS17004: Cannot use JSX unless the '--jsx' flag is provided.
src/components/TestBuilder.tsx(1475,25): error TS17004: Cannot use JSX unless the '--jsx' flag is provided.
src/components/TestBuilder.tsx(1476,41): error TS17004: Cannot use JSX unless the '--jsx' flag is provided.
src/components/TestBuilder.tsx(1476,98): error TS17004: Cannot use JSX unless the '--jsx' flag is provided.
src/components/TestBuilder.tsx(1483,17): error TS17004: Cannot use JSX unless the '--jsx' flag is provided.
src/components/TestBuilder.tsx(1485,25): error TS17004: Cannot use JSX unless the '--jsx' flag is provided.
src/components/TestBuilder.tsx(1486,29): error TS17004: Cannot use JSX unless the '--jsx' flag is provided.
src/components/TestBuilder.tsx(1487,33): error TS17004: Cannot use JSX unless the '--jsx' flag is provided.
src/components/TestBuilder.tsx(1488,37): error TS17004: Cannot use JSX unless the '--jsx' flag is provided.
src/components/TestBuilder.tsx(1489,41): error TS17004: Cannot use JSX unless the '--jsx' flag is provided.
src/components/TestBuilder.tsx(1490,41): error TS17004: Cannot use JSX unless the '--jsx' flag is provided.
src/components/TestBuilder.tsx(1506,41): error TS17004: Cannot use JSX unless the '--jsx' flag is provided.
src/components/TestBuilder.tsx(1507,45): error TS17004: Cannot use JSX unless the '--jsx' flag is provided.
src/components/TestBuilder.tsx(1508,49): error TS17004: Cannot use JSX unless the '--jsx' flag is provided.
src/components/TestBuilder.tsx(1509,53): error TS17004: Cannot use JSX unless the '--jsx' flag is provided.
src/components/TestBuilder.tsx(1510,53): error TS17004: Cannot use JSX unless the '--jsx' flag is provided.
src/components/TestBuilder.tsx(1519,49): error TS17004: Cannot use JSX unless the '--jsx' flag is provided.
src/components/TestBuilder.tsx(1520,53): error TS17004: Cannot use JSX unless the '--jsx' flag is provided.
src/components/TestBuilder.tsx(1521,57): error TS17004: Cannot use JSX unless the '--jsx' flag is provided.
src/components/TestBuilder.tsx(1522,61): error TS17004: Cannot use JSX unless the '--jsx' flag is provided.
src/components/TestBuilder.tsx(1525,53): error TS17004: Cannot use JSX unless the '--jsx' flag is provided.
src/components/TestBuilder.tsx(1526,57): error TS17004: Cannot use JSX unless the '--jsx' flag is provided.
src/components/TestBuilder.tsx(1527,61): error TS17004: Cannot use JSX unless the '--jsx' flag is provided.
src/components/TestBuilder.tsx(1528,65): error TS17004: Cannot use JSX unless the '--jsx' flag is provided.
src/components/TestBuilder.tsx(1529,65): error TS17004: Cannot use JSX unless the '--jsx' flag is provided.
src/components/TestBuilder.tsx(1536,65): error TS17004: Cannot use JSX unless the '--jsx' flag is provided.
src/components/TestBuilder.tsx(1537,69): error TS17004: Cannot use JSX unless the '--jsx' flag is provided.
src/components/TestBuilder.tsx(1538,73): error TS17004: Cannot use JSX unless the '--jsx' flag is provided.
src/components/TestBuilder.tsx(1539,73): error TS17004: Cannot use JSX unless the '--jsx' flag is provided.
src/components/TestBuilder.tsx(1547,69): error TS17004: Cannot use JSX unless the '--jsx' flag is provided.
src/components/TestBuilder.tsx(1548,73): error TS17004: Cannot use JSX unless the '--jsx' flag is provided.
src/components/TestBuilder.tsx(1549,73): error TS17004: Cannot use JSX unless the '--jsx' flag is provided.
src/components/TestBuilder.tsx(1554,77): error TS17004: Cannot use JSX unless the '--jsx' flag is provided.
src/components/TestBuilder.tsx(1555,81): error TS17004: Cannot use JSX unless the '--jsx' flag is provided.
src/components/TestBuilder.tsx(1556,81): error TS17004: Cannot use JSX unless the '--jsx' flag is provided.
src/components/TestBuilder.tsx(1558,77): error TS17004: Cannot use JSX unless the '--jsx' flag is provided.
src/components/TestBuilder.tsx(1559,81): error TS17004: Cannot use JSX unless the '--jsx' flag is provided.
src/components/TestBuilder.tsx(1560,81): error TS17004: Cannot use JSX unless the '--jsx' flag is provided.
src/components/TestBuilder.tsx(1566,73): error TS17004: Cannot use JSX unless the '--jsx' flag is provided.
src/components/TestBuilder.tsx(1567,77): error TS17004: Cannot use JSX unless the '--jsx' flag is provided.
src/components/TestBuilder.tsx(1568,77): error TS17004: Cannot use JSX unless the '--jsx' flag is provided.
src/components/TestBuilder.tsx(1573,81): error TS17004: Cannot use JSX unless the '--jsx' flag is provided.
src/components/TestBuilder.tsx(1574,85): error TS17004: Cannot use JSX unless the '--jsx' flag is provided.
src/components/TestBuilder.tsx(1575,85): error TS17004: Cannot use JSX unless the '--jsx' flag is provided.
src/components/TestBuilder.tsx(1577,81): error TS17004: Cannot use JSX unless the '--jsx' flag is provided.
src/components/TestBuilder.tsx(1578,85): error TS17004: Cannot use JSX unless the '--jsx' flag is provided.
src/components/TestBuilder.tsx(1579,85): error TS17004: Cannot use JSX unless the '--jsx' flag is provided.
src/components/TestBuilder.tsx(1590,49): error TS17004: Cannot use JSX unless the '--jsx' flag is provided.
src/components/TestBuilder.tsx(1590,180): error TS17004: Cannot use JSX unless the '--jsx' flag is provided.
src/components/TestBuilder.tsx(1593,45): error TS17004: Cannot use JSX unless the '--jsx' flag is provided.
src/components/TestBuilder.tsx(1594,49): error TS17004: Cannot use JSX unless the '--jsx' flag is provided.
src/components/TestBuilder.tsx(1606,61): error TS17004: Cannot use JSX unless the '--jsx' flag is provided.
src/components/TestBuilder.tsx(1609,69): error TS17004: Cannot use JSX unless the '--jsx' flag is provided.
src/components/TestBuilder.tsx(1610,73): error TS17004: Cannot use JSX unless the '--jsx' flag is provided.
src/components/TestBuilder.tsx(1611,77): error TS17004: Cannot use JSX unless the '--jsx' flag is provided.
src/components/TestBuilder.tsx(1612,81): error TS17004: Cannot use JSX unless the '--jsx' flag is provided.
src/components/TestBuilder.tsx(1615,73): error TS17004: Cannot use JSX unless the '--jsx' flag is provided.
src/components/TestBuilder.tsx(1616,77): error TS17004: Cannot use JSX unless the '--jsx' flag is provided.
src/components/TestBuilder.tsx(1626,65): error TS17004: Cannot use JSX unless the '--jsx' flag is provided.
src/components/TestBuilder.tsx(1633,69): error TS17004: Cannot use JSX unless the '--jsx' flag is provided.
src/components/TestBuilder.tsx(1634,73): error TS17004: Cannot use JSX unless the '--jsx' flag is provided.
src/components/TestBuilder.tsx(1635,77): error TS17004: Cannot use JSX unless the '--jsx' flag is provided.
src/components/TestBuilder.tsx(1636,81): error TS17004: Cannot use JSX unless the '--jsx' flag is provided.
src/components/TestBuilder.tsx(1638,77): error TS17004: Cannot use JSX unless the '--jsx' flag is provided.
src/components/TestBuilder.tsx(1640,77): error TS17004: Cannot use JSX unless the '--jsx' flag is provided.
src/components/TestBuilder.tsx(1641,81): error TS17004: Cannot use JSX unless the '--jsx' flag is provided.
src/components/TestBuilder.tsx(1642,85): error TS17004: Cannot use JSX unless the '--jsx' flag is provided.
src/components/TestBuilder.tsx(1643,89): error TS17004: Cannot use JSX unless the '--jsx' flag is provided.
src/components/TestBuilder.tsx(1645,85): error TS17004: Cannot use JSX unless the '--jsx' flag is provided.
src/components/TestBuilder.tsx(1646,89): error TS17004: Cannot use JSX unless the '--jsx' flag is provided.
src/components/TestBuilder.tsx(1647,89): error TS17004: Cannot use JSX unless the '--jsx' flag is provided.
src/components/TestBuilder.tsx(1648,89): error TS17004: Cannot use JSX unless the '--jsx' flag is provided.
src/components/TestBuilder.tsx(1649,104): error TS17004: Cannot use JSX unless the '--jsx' flag is provided.
src/components/TestBuilder.tsx(1655,81): error TS17004: Cannot use JSX unless the '--jsx' flag is provided.
src/components/TestBuilder.tsx(1661,73): error TS17004: Cannot use JSX unless the '--jsx' flag is provided.
src/components/TestBuilder.tsx(1662,77): error TS17004: Cannot use JSX unless the '--jsx' flag is provided.
src/components/TestBuilder.tsx(1663,81): error TS17004: Cannot use JSX unless the '--jsx' flag is provided.
src/components/TestBuilder.tsx(1664,85): error TS17004: Cannot use JSX unless the '--jsx' flag is provided.
src/components/TestBuilder.tsx(1665,85): error TS17004: Cannot use JSX unless the '--jsx' flag is provided.
src/components/TestBuilder.tsx(1673,81): error TS17004: Cannot use JSX unless the '--jsx' flag is provided.
src/components/TestBuilder.tsx(1674,85): error TS17004: Cannot use JSX unless the '--jsx' flag is provided.
src/components/TestBuilder.tsx(1675,85): error TS17004: Cannot use JSX unless the '--jsx' flag is provided.
src/components/TestBuilder.tsx(1685,77): error TS17004: Cannot use JSX unless the '--jsx' flag is provided.
src/components/TestBuilder.tsx(1686,81): error TS17004: Cannot use JSX unless the '--jsx' flag is provided.
src/components/TestBuilder.tsx(1687,81): error TS17004: Cannot use JSX unless the '--jsx' flag is provided.
src/components/TestBuilder.tsx(1688,85): error TS17004: Cannot use JSX unless the '--jsx' flag is provided.
src/components/TestBuilder.tsx(1689,89): error TS17004: Cannot use JSX unless the '--jsx' flag is provided.
src/components/TestBuilder.tsx(1691,85): error TS17004: Cannot use JSX unless the '--jsx' flag is provided.
src/components/TestBuilder.tsx(1692,89): error TS17004: Cannot use JSX unless the '--jsx' flag is provided.
src/components/TestBuilder.tsx(1693,89): error TS17004: Cannot use JSX unless the '--jsx' flag is provided.
src/components/TestBuilder.tsx(1698,77): error TS17004: Cannot use JSX unless the '--jsx' flag is provided.
src/components/TestBuilder.tsx(1699,81): error TS17004: Cannot use JSX unless the '--jsx' flag is provided.
src/components/TestBuilder.tsx(1704,69): error TS17004: Cannot use JSX unless the '--jsx' flag is provided.
src/components/TestBuilder.tsx(1705,73): error TS17004: Cannot use JSX unless the '--jsx' flag is provided.
src/components/TestBuilder.tsx(1706,77): error TS17004: Cannot use JSX unless the '--jsx' flag is provided.
src/components/TestBuilder.tsx(1707,81): error TS17004: Cannot use JSX unless the '--jsx' flag is provided.
src/components/TestBuilder.tsx(1708,81): error TS17004: Cannot use JSX unless the '--jsx' flag is provided.
src/components/TestBuilder.tsx(1709,85): error TS17004: Cannot use JSX unless the '--jsx' flag is provided.
src/components/TestBuilder.tsx(1710,89): error TS17004: Cannot use JSX unless the '--jsx' flag is provided.
src/components/TestBuilder.tsx(1711,89): error TS17004: Cannot use JSX unless the '--jsx' flag is provided.
src/components/TestBuilder.tsx(1713,93): error TS17004: Cannot use JSX unless the '--jsx' flag is provided.
src/components/TestBuilder.tsx(1720,77): error TS17004: Cannot use JSX unless the '--jsx' flag is provided.
src/components/TestBuilder.tsx(1722,85): error TS17004: Cannot use JSX unless the '--jsx' flag is provided.
src/components/TestBuilder.tsx(1724,93): error TS17004: Cannot use JSX unless the '--jsx' flag is provided.
src/components/TestBuilder.tsx(1725,97): error TS17004: Cannot use JSX unless the '--jsx' flag is provided.
src/components/TestBuilder.tsx(1726,97): error TS17004: Cannot use JSX unless the '--jsx' flag is provided.
src/components/TestBuilder.tsx(1726,360): error TS17004: Cannot use JSX unless the '--jsx' flag is provided.
src/components/TestBuilder.tsx(1729,93): error TS17004: Cannot use JSX unless the '--jsx' flag is provided.
src/components/TestBuilder.tsx(1730,97): error TS17004: Cannot use JSX unless the '--jsx' flag is provided.
src/components/TestBuilder.tsx(1731,101): error TS17004: Cannot use JSX unless the '--jsx' flag is provided.
src/components/TestBuilder.tsx(1732,105): error TS17004: Cannot use JSX unless the '--jsx' flag is provided.
src/components/TestBuilder.tsx(1734,101): error TS17004: Cannot use JSX unless the '--jsx' flag is provided.
src/components/TestBuilder.tsx(1736,97): error TS17004: Cannot use JSX unless the '--jsx' flag is provided.
src/components/TestBuilder.tsx(1737,97): error TS17004: Cannot use JSX unless the '--jsx' flag is provided.
src/components/TestBuilder.tsx(1738,101): error TS17004: Cannot use JSX unless the '--jsx' flag is provided.
src/components/TestBuilder.tsx(1739,101): error TS17004: Cannot use JSX unless the '--jsx' flag is provided.
src/components/TestBuilder.tsx(1741,97): error TS17004: Cannot use JSX unless the '--jsx' flag is provided.
src/components/TestBuilder.tsx(1742,101): error TS17004: Cannot use JSX unless the '--jsx' flag is provided.
src/components/TestBuilder.tsx(1748,85): error TS17004: Cannot use JSX unless the '--jsx' flag is provided.
src/components/TestBuilder.tsx(1752,89): error TS17004: Cannot use JSX unless the '--jsx' flag is provided.
src/components/TestBuilder.tsx(1759,73): error TS17004: Cannot use JSX unless the '--jsx' flag is provided.
src/components/TestBuilder.tsx(1762,73): error TS17004: Cannot use JSX unless the '--jsx' flag is provided.
src/components/TestBuilder.tsx(1763,77): error TS17004: Cannot use JSX unless the '--jsx' flag is provided.
src/components/TestBuilder.tsx(1764,81): error TS17004: Cannot use JSX unless the '--jsx' flag is provided.
src/components/TestBuilder.tsx(1765,107): error TS17004: Cannot use JSX unless the '--jsx' flag is provided.
src/components/TestBuilder.tsx(1769,81): error TS17004: Cannot use JSX unless the '--jsx' flag is provided.
src/components/TestBuilder.tsx(1771,85): error TS17004: Cannot use JSX unless the '--jsx' flag is provided.
src/components/TestBuilder.tsx(1772,89): error TS17004: Cannot use JSX unless the '--jsx' flag is provided.
src/components/TestBuilder.tsx(1773,93): error TS17004: Cannot use JSX unless the '--jsx' flag is provided.
src/components/TestBuilder.tsx(1774,93): error TS17004: Cannot use JSX unless the '--jsx' flag is provided.
src/components/TestBuilder.tsx(1776,89): error TS17004: Cannot use JSX unless the '--jsx' flag is provided.
src/components/TestBuilder.tsx(1777,89): error TS17004: Cannot use JSX unless the '--jsx' flag is provided.
src/components/TestBuilder.tsx(1778,93): error TS17004: Cannot use JSX unless the '--jsx' flag is provided.
src/components/TestBuilder.tsx(1779,93): error TS17004: Cannot use JSX unless the '--jsx' flag is provided.
src/components/TestBuilder.tsx(1784,81): error TS17004: Cannot use JSX unless the '--jsx' flag is provided.
src/components/TestBuilder.tsx(1798,93): error TS17004: Cannot use JSX unless the '--jsx' flag is provided.
src/components/TestBuilder.tsx(1803,97): error TS17004: Cannot use JSX unless the '--jsx' flag is provided.
src/components/TestBuilder.tsx(1808,105): error TS17004: Cannot use JSX unless the '--jsx' flag is provided.
src/components/TestBuilder.tsx(1809,109): error TS17004: Cannot use JSX unless the '--jsx' flag is provided.
src/components/TestBuilder.tsx(1816,97): error TS17004: Cannot use JSX unless the '--jsx' flag is provided.
src/components/TestBuilder.tsx(1817,101): error TS17004: Cannot use JSX unless the '--jsx' flag is provided.
src/components/TestBuilder.tsx(1818,105): error TS17004: Cannot use JSX unless the '--jsx' flag is provided.
src/components/TestBuilder.tsx(1828,105): error TS17004: Cannot use JSX unless the '--jsx' flag is provided.
src/components/TestBuilder.tsx(1829,109): error TS17004: Cannot use JSX unless the '--jsx' flag is provided.
src/components/TestBuilder.tsx(1836,113): error TS17004: Cannot use JSX unless the '--jsx' flag is provided.
src/components/TestBuilder.tsx(1838,109): error TS17004: Cannot use JSX unless the '--jsx' flag is provided.
src/components/TestBuilder.tsx(1845,113): error TS17004: Cannot use JSX unless the '--jsx' flag is provided.
src/components/TestBuilder.tsx(1852,105): error TS17004: Cannot use JSX unless the '--jsx' flag is provided.
src/components/TestBuilder.tsx(1854,113): error TS17004: Cannot use JSX unless the '--jsx' flag is provided.
src/components/TestBuilder.tsx(1855,117): error TS17004: Cannot use JSX unless the '--jsx' flag is provided.
src/components/TestBuilder.tsx(1856,117): error TS17004: Cannot use JSX unless the '--jsx' flag is provided.
src/components/TestBuilder.tsx(1860,121): error TS17004: Cannot use JSX unless the '--jsx' flag is provided.
src/components/TestBuilder.tsx(1864,113): error TS17004: Cannot use JSX unless the '--jsx' flag is provided.
src/components/TestBuilder.tsx(1865,117): error TS17004: Cannot use JSX unless the '--jsx' flag is provided.
src/components/TestBuilder.tsx(1870,117): error TS17004: Cannot use JSX unless the '--jsx' flag is provided.
src/components/TestBuilder.tsx(1872,125): error TS17004: Cannot use JSX unless the '--jsx' flag is provided.
src/components/TestBuilder.tsx(1874,125): error TS17004: Cannot use JSX unless the '--jsx' flag is provided.
src/components/TestBuilder.tsx(1876,121): error TS17004: Cannot use JSX unless the '--jsx' flag is provided.
src/components/TestBuilder.tsx(1898,85): error TS17004: Cannot use JSX unless the '--jsx' flag is provided.
src/components/TestBuilder.tsx(1899,89): error TS17004: Cannot use JSX unless the '--jsx' flag is provided.
src/components/TestBuilder.tsx(1903,93): error TS17004: Cannot use JSX unless the '--jsx' flag is provided.
src/components/TestBuilder.tsx(1912,69): error TS17004: Cannot use JSX unless the '--jsx' flag is provided.
src/components/TestBuilder.tsx(1913,73): error TS17004: Cannot use JSX unless the '--jsx' flag is provided.
src/components/TestBuilder.tsx(1914,73): error TS17004: Cannot use JSX unless the '--jsx' flag is provided.
src/components/TestBuilder.tsx(1920,77): error TS17004: Cannot use JSX unless the '--jsx' flag is provided.
src/components/TestBuilder.tsx(1927,53): error TS17004: Cannot use JSX unless the '--jsx' flag is provided.
src/components/TestBuilder.tsx(1927,223): error TS17004: Cannot use JSX unless the '--jsx' flag is provided.
src/components/TestBuilder.tsx(1934,29): error TS17004: Cannot use JSX unless the '--jsx' flag is provided.
src/components/TestBuilder.tsx(1934,225): error TS17004: Cannot use JSX unless the '--jsx' flag is provided.
src/components/TestBuilder.tsx(1937,25): error TS17004: Cannot use JSX unless the '--jsx' flag is provided.
src/components/TestBuilder.tsx(1938,29): error TS17004: Cannot use JSX unless the '--jsx' flag is provided.
src/components/TestBuilder.tsx(1939,33): error TS17004: Cannot use JSX unless the '--jsx' flag is provided.
src/components/TestBuilder.tsx(1940,33): error TS17004: Cannot use JSX unless the '--jsx' flag is provided.
src/components/TestBuilder.tsx(1954,37): error TS17004: Cannot use JSX unless the '--jsx' flag is provided.
src/components/TestBuilder.tsx(1958,45): error TS17004: Cannot use JSX unless the '--jsx' flag is provided.
src/components/TestBuilder.tsx(1959,49): error TS17004: Cannot use JSX unless the '--jsx' flag is provided.
src/components/TestBuilder.tsx(1960,53): error TS17004: Cannot use JSX unless the '--jsx' flag is provided.
src/components/TestBuilder.tsx(1961,57): error TS17004: Cannot use JSX unless the '--jsx' flag is provided.
src/components/TestBuilder.tsx(1964,49): error TS17004: Cannot use JSX unless the '--jsx' flag is provided.
src/components/TestBuilder.tsx(1965,53): error TS17004: Cannot use JSX unless the '--jsx' flag is provided.
src/components/TestBuilder.tsx(1976,41): error TS17004: Cannot use JSX unless the '--jsx' flag is provided.
src/components/TestBuilder.tsx(1991,45): error TS17004: Cannot use JSX unless the '--jsx' flag is provided.
src/components/TestBuilder.tsx(1992,49): error TS17004: Cannot use JSX unless the '--jsx' flag is provided.
src/components/TestBuilder.tsx(1993,53): error TS17004: Cannot use JSX unless the '--jsx' flag is provided.
src/components/TestBuilder.tsx(1994,57): error TS17004: Cannot use JSX unless the '--jsx' flag is provided.
src/components/TestBuilder.tsx(1996,53): error TS17004: Cannot use JSX unless the '--jsx' flag is provided.
src/components/TestBuilder.tsx(1999,53): error TS17004: Cannot use JSX unless the '--jsx' flag is provided.
src/components/TestBuilder.tsx(2000,57): error TS17004: Cannot use JSX unless the '--jsx' flag is provided.
src/components/TestBuilder.tsx(2001,61): error TS17004: Cannot use JSX unless the '--jsx' flag is provided.
src/components/TestBuilder.tsx(2002,65): error TS17004: Cannot use JSX unless the '--jsx' flag is provided.
src/components/TestBuilder.tsx(2004,61): error TS17004: Cannot use JSX unless the '--jsx' flag is provided.
src/components/TestBuilder.tsx(2005,65): error TS17004: Cannot use JSX unless the '--jsx' flag is provided.
src/components/TestBuilder.tsx(2006,65): error TS17004: Cannot use JSX unless the '--jsx' flag is provided.
src/components/TestBuilder.tsx(2007,65): error TS17004: Cannot use JSX unless the '--jsx' flag is provided.
src/components/TestBuilder.tsx(2008,80): error TS17004: Cannot use JSX unless the '--jsx' flag is provided.
src/components/TestBuilder.tsx(2014,57): error TS17004: Cannot use JSX unless the '--jsx' flag is provided.
src/components/TestBuilder.tsx(2020,49): error TS17004: Cannot use JSX unless the '--jsx' flag is provided.
src/components/TestBuilder.tsx(2022,53): error TS17004: Cannot use JSX unless the '--jsx' flag is provided.
src/components/TestBuilder.tsx(2023,57): error TS17004: Cannot use JSX unless the '--jsx' flag is provided.
src/components/TestBuilder.tsx(2024,61): error TS17004: Cannot use JSX unless the '--jsx' flag is provided.
src/components/TestBuilder.tsx(2025,61): error TS17004: Cannot use JSX unless the '--jsx' flag is provided.
src/components/TestBuilder.tsx(2033,57): error TS17004: Cannot use JSX unless the '--jsx' flag is provided.
src/components/TestBuilder.tsx(2034,61): error TS17004: Cannot use JSX unless the '--jsx' flag is provided.
src/components/TestBuilder.tsx(2035,61): error TS17004: Cannot use JSX unless the '--jsx' flag is provided.
src/components/TestBuilder.tsx(2045,53): error TS17004: Cannot use JSX unless the '--jsx' flag is provided.
src/components/TestBuilder.tsx(2047,53): error TS17004: Cannot use JSX unless the '--jsx' flag is provided.
src/components/TestBuilder.tsx(2048,57): error TS17004: Cannot use JSX unless the '--jsx' flag is provided.
src/components/TestBuilder.tsx(2049,57): error TS17004: Cannot use JSX unless the '--jsx' flag is provided.
src/components/TestBuilder.tsx(2050,61): error TS17004: Cannot use JSX unless the '--jsx' flag is provided.
src/components/TestBuilder.tsx(2051,65): error TS17004: Cannot use JSX unless the '--jsx' flag is provided.
src/components/TestBuilder.tsx(2053,61): error TS17004: Cannot use JSX unless the '--jsx' flag is provided.
src/components/TestBuilder.tsx(2054,65): error TS17004: Cannot use JSX unless the '--jsx' flag is provided.
src/components/TestBuilder.tsx(2055,65): error TS17004: Cannot use JSX unless the '--jsx' flag is provided.
src/components/TestBuilder.tsx(2060,53): error TS17004: Cannot use JSX unless the '--jsx' flag is provided.
src/components/TestBuilder.tsx(2061,57): error TS17004: Cannot use JSX unless the '--jsx' flag is provided.
src/components/TestBuilder.tsx(2066,45): error TS17004: Cannot use JSX unless the '--jsx' flag is provided.
src/components/TestBuilder.tsx(2068,49): error TS17004: Cannot use JSX unless the '--jsx' flag is provided.
src/components/TestBuilder.tsx(2069,53): error TS17004: Cannot use JSX unless the '--jsx' flag is provided.
src/components/TestBuilder.tsx(2070,57): error TS17004: Cannot use JSX unless the '--jsx' flag is provided.
src/components/TestBuilder.tsx(2078,57): error TS17004: Cannot use JSX unless the '--jsx' flag is provided.
src/components/TestBuilder.tsx(2079,61): error TS17004: Cannot use JSX unless the '--jsx' flag is provided.
src/components/TestBuilder.tsx(2080,65): error TS17004: Cannot use JSX unless the '--jsx' flag is provided.
src/components/TestBuilder.tsx(2081,65): error TS17004: Cannot use JSX unless the '--jsx' flag is provided.
src/components/TestBuilder.tsx(2083,69): error TS17004: Cannot use JSX unless the '--jsx' flag is provided.
src/components/TestBuilder.tsx(2090,53): error TS17004: Cannot use JSX unless the '--jsx' flag is provided.
src/components/TestBuilder.tsx(2092,61): error TS17004: Cannot use JSX unless the '--jsx' flag is provided.
src/components/TestBuilder.tsx(2094,69): error TS17004: Cannot use JSX unless the '--jsx' flag is provided.
src/components/TestBuilder.tsx(2095,73): error TS17004: Cannot use JSX unless the '--jsx' flag is provided.
src/components/TestBuilder.tsx(2096,73): error TS17004: Cannot use JSX unless the '--jsx' flag is provided.
src/components/TestBuilder.tsx(2102,77): error TS17004: Cannot use JSX unless the '--jsx' flag is provided.
src/components/TestBuilder.tsx(2106,69): error TS17004: Cannot use JSX unless the '--jsx' flag is provided.
src/components/TestBuilder.tsx(2107,73): error TS17004: Cannot use JSX unless the '--jsx' flag is provided.
src/components/TestBuilder.tsx(2108,77): error TS17004: Cannot use JSX unless the '--jsx' flag is provided.
src/components/TestBuilder.tsx(2109,81): error TS17004: Cannot use JSX unless the '--jsx' flag is provided.
src/components/TestBuilder.tsx(2111,77): error TS17004: Cannot use JSX unless the '--jsx' flag is provided.
src/components/TestBuilder.tsx(2118,73): error TS17004: Cannot use JSX unless the '--jsx' flag is provided.
src/components/TestBuilder.tsx(2119,73): error TS17004: Cannot use JSX unless the '--jsx' flag is provided.
src/components/TestBuilder.tsx(2120,77): error TS17004: Cannot use JSX unless the '--jsx' flag is provided.
src/components/TestBuilder.tsx(2121,77): error TS17004: Cannot use JSX unless the '--jsx' flag is provided.
src/components/TestBuilder.tsx(2124,73): error TS17004: Cannot use JSX unless the '--jsx' flag is provided.
src/components/TestBuilder.tsx(2125,77): error TS17004: Cannot use JSX unless the '--jsx' flag is provided.
src/components/TestBuilder.tsx(2131,61): error TS17004: Cannot use JSX unless the '--jsx' flag is provided.
src/components/TestBuilder.tsx(2135,65): error TS17004: Cannot use JSX unless the '--jsx' flag is provided.
src/components/TestBuilder.tsx(2143,49): error TS17004: Cannot use JSX unless the '--jsx' flag is provided.
src/components/TestBuilder.tsx(2146,49): error TS17004: Cannot use JSX unless the '--jsx' flag is provided.
src/components/TestBuilder.tsx(2147,53): error TS17004: Cannot use JSX unless the '--jsx' flag is provided.
src/components/TestBuilder.tsx(2148,57): error TS17004: Cannot use JSX unless the '--jsx' flag is provided.
src/components/TestBuilder.tsx(2149,83): error TS17004: Cannot use JSX unless the '--jsx' flag is provided.
src/components/TestBuilder.tsx(2153,57): error TS17004: Cannot use JSX unless the '--jsx' flag is provided.
src/components/TestBuilder.tsx(2155,61): error TS17004: Cannot use JSX unless the '--jsx' flag is provided.
src/components/TestBuilder.tsx(2156,65): error TS17004: Cannot use JSX unless the '--jsx' flag is provided.
src/components/TestBuilder.tsx(2157,69): error TS17004: Cannot use JSX unless the '--jsx' flag is provided.
src/components/TestBuilder.tsx(2158,69): error TS17004: Cannot use JSX unless the '--jsx' flag is provided.
src/components/TestBuilder.tsx(2160,65): error TS17004: Cannot use JSX unless the '--jsx' flag is provided.
src/components/TestBuilder.tsx(2161,65): error TS17004: Cannot use JSX unless the '--jsx' flag is provided.
src/components/TestBuilder.tsx(2162,69): error TS17004: Cannot use JSX unless the '--jsx' flag is provided.
src/components/TestBuilder.tsx(2163,69): error TS17004: Cannot use JSX unless the '--jsx' flag is provided.
src/components/TestBuilder.tsx(2168,57): error TS17004: Cannot use JSX unless the '--jsx' flag is provided.
src/components/TestBuilder.tsx(2183,69): error TS17004: Cannot use JSX unless the '--jsx' flag is provided.
src/components/TestBuilder.tsx(2191,73): error TS17004: Cannot use JSX unless the '--jsx' flag is provided.
src/components/TestBuilder.tsx(2201,116): error TS17004: Cannot use JSX unless the '--jsx' flag is provided.
src/components/TestBuilder.tsx(2204,73): error TS17004: Cannot use JSX unless the '--jsx' flag is provided.
src/components/TestBuilder.tsx(2206,77): error TS17004: Cannot use JSX unless the '--jsx' flag is provided.
src/components/TestBuilder.tsx(2207,81): error TS17004: Cannot use JSX unless the '--jsx' flag is provided.
src/components/TestBuilder.tsx(2220,81): error TS17004: Cannot use JSX unless the '--jsx' flag is provided.
src/components/TestBuilder.tsx(2221,85): error TS17004: Cannot use JSX unless the '--jsx' flag is provided.
src/components/TestBuilder.tsx(2228,89): error TS17004: Cannot use JSX unless the '--jsx' flag is provided.
src/components/TestBuilder.tsx(2230,85): error TS17004: Cannot use JSX unless the '--jsx' flag is provided.
src/components/TestBuilder.tsx(2237,89): error TS17004: Cannot use JSX unless the '--jsx' flag is provided.
src/components/TestBuilder.tsx(2244,81): error TS17004: Cannot use JSX unless the '--jsx' flag is provided.
src/components/TestBuilder.tsx(2246,89): error TS17004: Cannot use JSX unless the '--jsx' flag is provided.
src/components/TestBuilder.tsx(2247,93): error TS17004: Cannot use JSX unless the '--jsx' flag is provided.
src/components/TestBuilder.tsx(2248,93): error TS17004: Cannot use JSX unless the '--jsx' flag is provided.
src/components/TestBuilder.tsx(2252,97): error TS17004: Cannot use JSX unless the '--jsx' flag is provided.
src/components/TestBuilder.tsx(2256,89): error TS17004: Cannot use JSX unless the '--jsx' flag is provided.
src/components/TestBuilder.tsx(2257,93): error TS17004: Cannot use JSX unless the '--jsx' flag is provided.
src/components/TestBuilder.tsx(2262,93): error TS17004: Cannot use JSX unless the '--jsx' flag is provided.
src/components/TestBuilder.tsx(2264,101): error TS17004: Cannot use JSX unless the '--jsx' flag is provided.
src/components/TestBuilder.tsx(2266,101): error TS17004: Cannot use JSX unless the '--jsx' flag is provided.
src/components/TestBuilder.tsx(2268,97): error TS17004: Cannot use JSX unless the '--jsx' flag is provided.
src/components/TestBuilder.tsx(2290,61): error TS17004: Cannot use JSX unless the '--jsx' flag is provided.
src/components/TestBuilder.tsx(2291,65): error TS17004: Cannot use JSX unless the '--jsx' flag is provided.
src/components/TestBuilder.tsx(2295,69): error TS17004: Cannot use JSX unless the '--jsx' flag is provided.
src/components/TestBuilder.tsx(2306,45): error TS17004: Cannot use JSX unless the '--jsx' flag is provided.
src/components/TestBuilder.tsx(2307,49): error TS17004: Cannot use JSX unless the '--jsx' flag is provided.
src/components/TestBuilder.tsx(2308,49): error TS17004: Cannot use JSX unless the '--jsx' flag is provided.
src/components/TestBuilder.tsx(2314,53): error TS17004: Cannot use JSX unless the '--jsx' flag is provided.
src/components/TestBuilder.tsx(2322,29): error TS17004: Cannot use JSX unless the '--jsx' flag is provided.
src/components/TestBuilder.tsx(2328,33): error TS17004: Cannot use JSX unless the '--jsx' flag is provided.
src/components/TestBuilder.tsx(2334,17): error TS17004: Cannot use JSX unless the '--jsx' flag is provided.
src/components/TestBuilder.tsx(2336,25): error TS17004: Cannot use JSX unless the '--jsx' flag is provided.
src/components/TestBuilder.tsx(2338,25): error TS17004: Cannot use JSX unless the '--jsx' flag is provided.
src/components/TestBuilder.tsx(2340,21): error TS17004: Cannot use JSX unless the '--jsx' flag is provided.
src/components/TestBuilder.tsx(2340,116): error TS17004: Cannot use JSX unless the '--jsx' flag is provided.
src/components/TestBuilder.tsx(2340,160): error TS17004: Cannot use JSX unless the '--jsx' flag is provided.
